this is car.txt file

changing...


PS E:\Docunments\Pratice - General\GitLearning v1\gitPratice\gitLearn2> git push origin main
error: src refspec main does not match any
error: failed to push some refs to 'origin'
PS E:\Docunments\Pratice - General\GitLearning v1\gitPratice\gitLearn2> git branch
* master
PS E:\Docunments\Pratice - General\GitLearning v1\gitPratice\gitLearn2> git push orign master
fatal: 'orign' does not appear to be a git repository
fatal: Could not read from remote repository.

Please make sure you have the correct access rights
and the repository exists.
PS E:\Docunments\Pratice - General\GitLearning v1\gitPratice\gitLearn2> git remote add origin https://github.com/karthick0201/gitSample2.git
PS E:\Docunments\Pratice - General\GitLearning v1\gitPratice\gitLearn2> git push origin master
Enumerating objects: 4, done.
Counting objects: 100% (4/4), done.
Delta compression using up to 12 threads
Compressing objects: 100% (3/3), done.
Writing objects: 100% (4/4), 429 bytes | 429.00 KiB/s, done. 
Total 4 (delta 0), reused 0 (delta 0), pack-reused 0
To https://github.com/karthick0201/gitSample2.git
 * [new branch]      master -> master
PS E:\Docunments\Pratice - General\GitLearning v1\gitPratice\gitLearn2> git branch
* master
PS E:\Docunments\Pratice - General\GitLearning v1\gitPratice\gitLearn2> git branch -M main
PS E:\Docunments\Pratice - General\GitLearning v1\gitPratice\gitLearn2> git branch
* main
PS E:\Docunments\Pratice - General\GitLearning v1\gitPratice\gitLearn2>
PS E:\Docunments\Pratice - General\GitLearning v1\gitPratice\gitLearn2> git push origin main
error: src refspec main does not match any
error: failed to push some refs to 'origin'
PS E:\Docunments\Pratice - General\GitLearning v1\gitPratice\gitLearn2> git branch
* master
PS E:\Docunments\Pratice - General\GitLearning v1\gitPratice\gitLearn2> git push orign master
fatal: 'orign' does not appear to be a git repository
fatal: Could not read from remote repository.

Please make sure you have the correct access rights
and the repository exists.
PS E:\Docunments\Pratice - General\GitLearning v1\gitPratice\gitLearn2> git remote add origin https://github.com/karthick0201/gitSample2.git
PS E:\Docunments\Pratice - General\GitLearning v1\gitPratice\gitLearn2> git push origin master
Enumerating objects: 4, done.
Counting objects: 100% (4/4), done.
Delta compression using up to 12 threads
Compressing objects: 100% (3/3), done.
Writing objects: 100% (4/4), 429 bytes | 429.00 KiB/s, done. 
Total 4 (delta 0), reused 0 (delta 0), pack-reused 0
To https://github.com/karthick0201/gitSample2.git
 * [new branch]      master -> master
PS E:\Docunments\Pratice - General\GitLearning v1\gitPratice\gitLearn2> git branch
* master
PS E:\Docunments\Pratice - General\GitLearning v1\gitPratice\gitLearn2> git branch -M main
PS E:\Docunments\Pratice - General\GitLearning v1\gitPratice\gitLearn2> git branch
* main
PS E:\Docunments\Pratice - General\GitLearning v1\gitPratice\gitLearn2>